{
  "version": "1.5.0",
  "plugins_used": [
    {
      "name": "ArtifactoryDetector"
    },
    {
      "name": "AWSKeyDetector"
    },
    {
      "name": "AzureStorageKeyDetector"
    },
    {
      "name": "Base64HighEntropyString",
      "limit": 4.5
    },
    {
      "name": "BasicAuthDetector"
    },
    {
      "name": "CloudantDetector"
    },
    {
      "name": "DiscordBotTokenDetector"
    },
    {
      "name": "GitHubTokenDetector"
    },
    {
      "name": "GitLabTokenDetector"
    },
    {
      "name": "HexHighEntropyString",
      "limit": 3.0
    },
    {
      "name": "IbmCloudIamDetector"
    },
    {
      "name": "IbmCosHmacDetector"
    },
    {
      "name": "IPPublicDetector"
    },
    {
      "name": "JwtTokenDetector"
    },
    {
      "name": "KeywordDetector",
      "keyword_exclude": ""
    },
    {
      "name": "MailchimpDetector"
    },
    {
      "name": "NpmDetector"
    },
    {
      "name": "OpenAIDetector"
    },
    {
      "name": "PrivateKeyDetector"
    },
    {
      "name": "PypiTokenDetector"
    },
    {
      "name": "SendGridDetector"
    },
    {
      "name": "SlackDetector"
    },
    {
      "name": "SoftlayerDetector"
    },
    {
      "name": "SquareOAuthDetector"
    },
    {
      "name": "StripeDetector"
    },
    {
      "name": "TelegramBotTokenDetector"
    },
    {
      "name": "TwilioKeyDetector"
    }
  ],
  "filters_used": [
    {
      "path": "detect_secrets.filters.allowlist.is_line_allowlisted"
    },
    {
      "path": "detect_secrets.filters.common.is_baseline_file",
      "filename": ".secrets.baseline"
    },
    {
      "path": "detect_secrets.filters.common.is_ignored_due_to_verification_policies",
      "min_level": 2
    },
    {
      "path": "detect_secrets.filters.heuristic.is_indirect_reference"
    },
    {
      "path": "detect_secrets.filters.heuristic.is_likely_id_string"
    },
    {
      "path": "detect_secrets.filters.heuristic.is_lock_file"
    },
    {
      "path": "detect_secrets.filters.heuristic.is_not_alphanumeric_string"
    },
    {
      "path": "detect_secrets.filters.heuristic.is_potential_uuid"
    },
    {
      "path": "detect_secrets.filters.heuristic.is_prefixed_with_dollar_sign"
    },
    {
      "path": "detect_secrets.filters.heuristic.is_sequential_string"
    },
    {
      "path": "detect_secrets.filters.heuristic.is_swagger_file"
    },
    {
      "path": "detect_secrets.filters.heuristic.is_templated_secret"
    }
  ],
  "results": {
    ".sops.yaml": [
      {
        "type": "Base64 High Entropy String",
        "filename": ".sops.yaml",
        "hashed_secret": "2fccd110db5e689b6b3479b781abb33e9f634b18",
        "is_verified": false,
        "line_number": 3,
        "is_secret": false
      }
    ],
    "infra/addons/main.tf": [
      {
        "type": "Secret Keyword",
        "filename": "infra/addons/main.tf",
        "hashed_secret": "a1f800e203ee9ec4c20ced1bc10be3803e60b00f",
        "is_verified": false,
        "line_number": 54,
        "is_secret": false
      }
    ],
    "infra/cluster/variables.tf": [
      {
        "type": "Hex High Entropy String",
        "filename": "infra/cluster/variables.tf",
        "hashed_secret": "d3e0153e88d86cad64576ed8e96e790febc3e65b",
        "is_verified": false,
        "line_number": 61,
        "is_secret": false
      }
    ],
    "infra/secrets.sops.yaml": [
      {
        "type": "Secret Keyword",
        "filename": "infra/secrets.sops.yaml",
        "hashed_secret": "c66afcd6b85f0dc75f01747f36888bf63e5b4f78",
        "is_verified": false,
        "line_number": 11,
        "is_secret": false
      },
      {
        "type": "Secret Keyword",
        "filename": "infra/secrets.sops.yaml",
        "hashed_secret": "5be01b8eedb4f86acb7a17f78b032679ea94b1a1",
        "is_verified": false,
        "line_number": 13
      },
      {
        "type": "Base64 High Entropy String",
        "filename": "infra/secrets.sops.yaml",
        "hashed_secret": "2fccd110db5e689b6b3479b781abb33e9f634b18",
        "is_verified": false,
        "line_number": 24,
        "is_secret": false
      }
    ],
    "platform/external-dns/application.yaml": [
      {
        "type": "Secret Keyword",
        "filename": "platform/external-dns/application.yaml",
        "hashed_secret": "e0b05712602d09d00ea7557f88ecc7dd75c09ce0",
        "is_verified": false,
        "line_number": 14,
        "is_secret": false
      }
    ]
  },
  "generated_at": "2026-08-09T18:21:27Z"
}
